../Drivers/CMSIS/Include/core_cm4.h:2059:26:ITM_SendChar	16	static,ignoring_inline_asm
../Core/Src/main.c:65:6:debug_printf	272	static
../Core/Src/main.c:81:6:rtos_delay	24	static
../Core/Src/main.c:92:6:led_Task_Handler	16	static
../Core/Src/main.c:102:6:btn_Task_Handler	16	static
../Core/Src/main.c:129:5:main	64	static,ignoring_inline_asm
../Core/Src/main.c:218:6:SystemClock_Config	96	static
../Core/Src/main.c:268:13:MX_USART2_UART_Init	8	static
../Core/Src/main.c:303:13:MX_GPIO_Init	48	static
../Core/Src/main.c:348:6:StartDefaultTask	16	static
../Core/Src/main.c:363:6:Error_Handler	4	static,ignoring_inline_asm
