../Drivers/CMSIS/Include/core_cm4.h:2059:26:ITM_SendChar	16	static,ignoring_inline_asm
../Core/Src/main.c:64:6:debug_printf	272	static
../Core/Src/main.c:82:6:rtos_delay	24	static
../Core/Src/main.c:90:6:led_Task_Handler	16	static
../Core/Src/main.c:101:6:btn_Task_Handler	16	static
../Core/Src/main.c:120:5:main	64	static,ignoring_inline_asm
../Core/Src/main.c:209:6:SystemClock_Config	96	static
../Core/Src/main.c:259:13:MX_USART2_UART_Init	8	static
../Core/Src/main.c:294:13:MX_GPIO_Init	48	static
../Core/Src/main.c:339:6:StartDefaultTask	16	static
../Core/Src/main.c:354:6:Error_Handler	4	static,ignoring_inline_asm
