../Drivers/CMSIS/Include/core_cm4.h:2059:26:ITM_SendChar	16	static,ignoring_inline_asm
../Core/Src/main.c:59:6:debug_printf	272	static
../Core/Src/main.c:81:6:vTask1_Handler	16	static,ignoring_inline_asm
../Core/Src/main.c:94:6:vTask2_Handler	16	static,ignoring_inline_asm
../Core/Src/main.c:115:5:main	64	static,ignoring_inline_asm
../Core/Src/main.c:206:6:SystemClock_Config	96	static
../Core/Src/main.c:256:13:MX_USART2_UART_Init	8	static
../Core/Src/main.c:291:13:MX_GPIO_Init	48	static
../Core/Src/main.c:336:6:StartDefaultTask	16	static
../Core/Src/main.c:351:6:Error_Handler	4	static,ignoring_inline_asm
