../Core/Src/main.c:20:5:main	8	static
../Core/Src/main.c:41:6:uart_init	40	static
../Core/Src/main.c:117:6:led_init	32	static
../Core/Src/main.c:130:6:DMA1_Channel4_IRQHandler	8	static
../Core/Src/main.c:135:6:DMA1_Channel5_IRQHandler	8	static
../Core/Src/main.c:141:6:USART1_IRQHandler	8	static
../Core/Src/main.c:147:6:SysTick_Handler	8	static
../Core/Src/main.c:153:6:HAL_UART_TxCpltCallback	16	static
../Core/Src/main.c:158:6:HAL_UART_RxCpltCallback	16	static
../Core/Src/main.c:164:6:Error_Handler	8	static
