../Drivers/CMSIS/Include/core_cm4.h:2059:26:ITM_SendChar	16	static,ignoring_inline_asm
../Core/Src/main.c:46:6:debug_printf	272	static
../Core/Src/main.c:63:6:vTask1_Handler	16	static
../Core/Src/main.c:73:6:vTask2_Handler	16	static
../Core/Src/main.c:87:5:main	32	static,ignoring_inline_asm
../Core/Src/main.c:121:6:SystemClock_Config	96	static
../Core/Src/main.c:165:13:MX_USART2_UART_Init	8	static
../Core/Src/main.c:189:13:MX_GPIO_Init	48	static
../Core/Src/main.c:211:6:Error_Handler	8	static,ignoring_inline_asm
