../Drivers/CMSIS/Include/core_cm4.h:2059:26:ITM_SendChar	16	static,ignoring_inline_asm
../Core/Src/main.c:64:6:debug_printf	272	static
../Core/Src/main.c:81:6:led_Task_Handler	16	static
../Core/Src/main.c:97:6:btn_Task_Handler	16	static
../Core/Src/main.c:119:5:main	56	static
../Core/Src/main.c:199:6:SystemClock_Config	96	static
../Core/Src/main.c:249:13:MX_USART2_UART_Init	8	static
../Core/Src/main.c:284:13:MX_GPIO_Init	48	static
../Core/Src/main.c:329:6:StartDefaultTask	16	static
../Core/Src/main.c:344:6:Error_Handler	4	static,ignoring_inline_asm
