../Drivers/CMSIS/Include/core_cm4.h:1679:22:__NVIC_EnableIRQ	16	static,ignoring_inline_asm
../Drivers/CMSIS/Include/core_cm4.h:1809:22:__NVIC_SetPriority	16	static
../Core/Src/main.c:13:5:main	8	static,ignoring_inline_asm
../Core/Src/main.c:28:6:SystemClock_Config	4	static
../Core/Src/main.c:38:6:UART2_Init	4	static
../Core/Src/main.c:54:6:UART2_SendString	16	static
../Core/Src/main.c:65:6:SPI1_Init	4	static
../Core/Src/main.c:82:6:SPI1_SendData	24	static
../Core/Src/main.c:93:6:GPIO_Button_Init	4	static
../Core/Src/main.c:100:6:EXTI15_10_Init	8	static
../Core/Src/main.c:114:6:EXTI15_10_IRQHandler	40	static
