../Drivers/CMSIS/Include/core_cm4.h:2059:26:ITM_SendChar	16	static,ignoring_inline_asm
../Core/Src/main.c:64:6:debug_printf	272	static
../Core/Src/main.c:82:6:Task1_Handler	16	static
../Core/Src/main.c:91:6:Task2_Handler	16	static
../Core/Src/main.c:100:6:vApplicationIdleHook	4	static,ignoring_inline_asm
../Core/Src/main.c:110:5:main	56	static
../Core/Src/main.c:189:6:SystemClock_Config	96	static
../Core/Src/main.c:239:13:MX_USART2_UART_Init	8	static
../Core/Src/main.c:274:13:MX_GPIO_Init	48	static
../Core/Src/main.c:319:6:StartDefaultTask	16	static
../Core/Src/main.c:334:6:Error_Handler	4	static,ignoring_inline_asm
