../Drivers/CMSIS/Include/core_cm4.h:2059:26:ITM_SendChar	16	static,ignoring_inline_asm
../Core/Src/main.c:60:6:debug_printf	272	static
../Core/Src/main.c:76:6:rtos_delay	24	static
../Core/Src/main.c:87:6:Task1_Handler	16	static
../Core/Src/main.c:96:6:Task2_Handler	16	static
../Core/Src/main.c:124:5:main	64	static,ignoring_inline_asm
../Core/Src/main.c:212:6:SystemClock_Config	96	static
../Core/Src/main.c:262:13:MX_USART2_UART_Init	8	static
../Core/Src/main.c:297:13:MX_GPIO_Init	48	static
../Core/Src/main.c:346:6:StartDefaultTask	16	static
../Core/Src/main.c:361:6:Error_Handler	4	static,ignoring_inline_asm
